
> frontend@0.1.0 build
> next build

Γû▓ Next.js 16.1.6 (Turbopack)

  Creating an optimized production build ...
node.exe : Error: Can't 
resolve 'tw-animate-css' in '
C:\Users\Rahufath\Desktop\Pro
ject 3\frontend\src\app'
At C:\Program 
Files\nodejs\npm.ps1:29 
char:3
+   & $NODE_EXE $NPM_CLI_JS 
$args
+   
~~~~~~~~~~~~~~~~~~~~~~~~~~~~~
    + CategoryInfo           
   : NotSpecified: (Error:   
  Can't re...ontend\src\ap   
 p':String) [], RemoteExc    
eption
    + FullyQualifiedErrorId  
   : NativeCommandError
 
    [2m[at 
finishWithoutResolve (C:\User
s\Rahufath\Desktop\Project 3\
frontend\node_modules\enhance
d-resolve\lib\Resolver.js:586
:18)][0m
    [2m[at C:\Users\Rahufath
\Desktop\Project 3\frontend\n
ode_modules\enhanced-resolve\
lib\Resolver.js:678:14][0m
    [2m[at C:\Users\Rahufath
\Desktop\Project 3\frontend\n
ode_modules\enhanced-resolve\
lib\Resolver.js:739:5][0m
    [2m[at eval (eval at 
create (C:\Users\Rahufath\Des
ktop\Project 3\frontend\node_
modules\tapable\lib\HookCodeF
actory.js:31:10), 
<anonymous>:15:1)][0m
    [2m[at C:\Users\Rahufath
\Desktop\Project 3\frontend\n
ode_modules\enhanced-resolve\
lib\Resolver.js:739:5][0m
    [2m[at eval (eval at 
create (C:\Users\Rahufath\Des
ktop\Project 3\frontend\node_
modules\tapable\lib\HookCodeF
actory.js:31:10), 
<anonymous>:27:1)][0m
    [2m[at C:\Users\Rahufath
\Desktop\Project 3\frontend\n
ode_modules\enhanced-resolve\
lib\DescriptionFilePlugin.js:
89:43][0m
    [2m[at C:\Users\Rahufath
\Desktop\Project 3\frontend\n
ode_modules\enhanced-resolve\
lib\Resolver.js:739:5][0m
    [2m[at eval (eval at 
create (C:\Users\Rahufath\Des
ktop\Project 3\frontend\node_
modules\tapable\lib\HookCodeF
actory.js:31:10), 
<anonymous>:15:1)][0m
    [2m[at C:\Users\Rahufath
\Desktop\Project 3\frontend\n
ode_modules\enhanced-resolve\
lib\Resolver.js:739:5][0m {
  details: "resolve 
'tw-animate-css' in 'C:\\User
s\\Rahufath\\Desktop\\Project
 3\\frontend\\src\\app'\n" +
    '  Parsed request is a 
module\n' +
    '  using description 
file: C:\\Users\\Rahufath\\De
sktop\\Project 
3\\frontend\\package.json 
(relative path: 
./src/app)\n' +
    '    resolve as 
module\n' +
    "      C:\\Users\\Rahufat
h\\Desktop\\Project 3\\fronte
nd\\src\\app\\node_modules 
doesn't exist or is not a 
directory\n" +
    "      C:\\Users\\Rahufat
h\\Desktop\\Project 3\\fronte
nd\\src\\node_modules 
doesn't exist or is not a 
directory\n" +
    '      looking for 
modules in C:\\Users\\Rahufat
h\\Desktop\\Project 
3\\frontend\\node_modules\n' 
+
    '        single file 
module\n' +
    '          using 
description file: C:\\Users\\
Rahufath\\Desktop\\Project 
3\\frontend\\package.json 
(relative path: ./node_module
s/tw-animate-css)\n' +
    '            no 
extension\n' +
    "              C:\\Users\
\Rahufath\\Desktop\\Project 3
\\frontend\\node_modules\\tw-
animate-css doesn't exist\n" 
+
    '            .css\n' +
    "              C:\\Users\
\Rahufath\\Desktop\\Project 3
\\frontend\\node_modules\\tw-
animate-css.css doesn't 
exist\n" +
    "        C:\\Users\\Rahuf
ath\\Desktop\\Project 3\\fron
tend\\node_modules\\tw-animat
e-css doesn't exist\n" +
    "      C:\\Users\\Rahufat
h\\Desktop\\Project 
3\\node_modules doesn't 
exist or is not a 
directory\n" +
    "      C:\\Users\\Rahufat
h\\Desktop\\node_modules 
doesn't exist or is not a 
directory\n" +
    "      C:\\Users\\Rahufat
h\\node_modules doesn't 
exist or is not a 
directory\n" +
    "      
C:\\Users\\node_modules 
doesn't exist or is not a 
directory\n" +
    "      C:\\node_modules 
doesn't exist or is not a 
directory"
}

> Build error occurred
Error: Turbopack build 
failed with 1 errors:
./src/app/globals.css
Error evaluating Node.js code
CssSyntaxError: tailwindcss: 
C:\Users\Rahufath\Desktop\Pro
ject 3\frontend\src\app\globa
ls.css:1:1: Can't resolve 
'tw-animate-css' in 'C:\Users
\Rahufath\Desktop\Project 
3\frontend\src\app'
    at Input.error (node_modu
les/postcss/lib/input.js:135:
16) [C:\Users\Rahufath\Deskto
p\Project 3\frontend\.next\bu
ild\chunks\node_modules_fe693
df6._.js:4651:22]
    at Root.error (node_modul
es/postcss/lib/node.js:146:32
) [C:\Users\Rahufath\Desktop\
Project 3\frontend\.next\buil
d\chunks\node_modules_fe693df
6._.js:928:38]
    [at Object.Once (C:\Users
\Rahufath\Desktop\Project 3\f
rontend\node_modules\@tailwin
dcss\postcss\dist\index.js:10
:6911)]
    [at process.processTicksA
ndRejections (node:internal/p
rocess/task_queues:105:5)]
    at async 
LazyResult.runAsync (node_mod
ules/postcss/lib/lazy-result.
js:293:11) [C:\Users\Rahufath
\Desktop\Project 3\frontend\.
next\build\chunks\node_module
s_fe693df6._.js:6206:21]
    at async transform (turbo
pack:///[turbopack-node]/tran
sforms/postcss.ts:70:34) [C:\
Users\Rahufath\Desktop\Projec
t 3\frontend\.next\build\chun
ks\[root-of-the-server]__5122
5daf._.js:146:36]
    at async run (turbopack:/
//[turbopack-node]/ipc/evalua
te.ts:92:23) [C:\Users\Rahufa
th\Desktop\Project 3\frontend
\.next\build\chunks\[root-of-
the-server]__974941ed._.js:44
3:31]

Import trace:
  Client Component Browser:
    ./src/app/globals.css 
[Client Component Browser]
    ./src/app/layout.tsx 
[Server Component]


    at async transform (turbo
pack:///[turbopack-node]/tran
sforms/postcss.ts:70:34) [C:\
Users\Rahufath\Desktop\Projec
t 3\frontend\.next\build\chun
ks\[root-of-the-server]__5122
5daf._.js:146:36])
    at async run (turbopack:/
//[turbopack-node]/ipc/evalua
te.ts:92:23) [C:\Users\Rahufa
th\Desktop\Project 3\frontend
\.next\build\chunks\[root-of-
the-server]__974941ed._.js:44
3:31])
