
> frontend@0.1.0 build
> next build

Γû▓ Next.js 16.1.6 (Turbopack)

  Creating an optimized production build ...
node.exe : 
At C:\Program 
Files\nodejs\npm.ps1:29 
char:3
+   & $NODE_EXE $NPM_CLI_JS 
$args
+   
~~~~~~~~~~~~~~~~~~~~~~~~~~~~~
    + CategoryInfo           
   : NotSpecified: (:String  
  ) [], RemoteException
    + FullyQualifiedErrorId  
   : NativeCommandError
 
> Build error occurred
Error: Turbopack build 
failed with 1 errors:
./src/app/setup/page.tsx:7:1
Module not found: Can't 
resolve '@/lib/utils'
[0m [90m  5 |[39m 
[36mimport[39m { 
[33mButton[39m } 
[36mfrom[39m [32m"@/compon
ents/ui/button"[39m[33m;[3
9m
 [90m  6 |[39m 
[36mimport[39m { 
[33mInput[39m } 
[36mfrom[39m [32m"@/compon
ents/ui/input"[39m[33m;[39
m
[31m[1m>[22m[39m[90m  7 
|[39m [36mimport[39m { cn 
} [36mfrom[39m [32m"@/lib/
utils"[39m[33m;[39m
 [90m    |[39m [31m[1m^[
22m[39m[31m[1m^[22m[39m
[31m[1m^[22m[39m[31m[1m^
[22m[39m[31m[1m^[22m[39
m[31m[1m^[22m[39m[31m[1
m^[22m[39m[31m[1m^[22m[
39m[31m[1m^[22m[39m[31m
[1m^[22m[39m[31m[1m^[22m
[39m[31m[1m^[22m[39m[31
m[1m^[22m[39m[31m[1m^[2
2m[39m[31m[1m^[22m[39m[
31m[1m^[22m[39m[31m[1m^
[22m[39m[31m[1m^[22m[39m
[31m[1m^[22m[39m[31m[1m
^[22m[39m[31m[1m^[22m[3
9m[31m[1m^[22m[39m[31m[
1m^[22m[39m[31m[1m^[22m
[39m[31m[1m^[22m[39m[31m
[1m^[22m[39m[31m[1m^[22
m[39m[31m[1m^[22m[39m[3
1m[1m^[22m[39m[31m[1m^[
22m[39m[31m[1m^[22m[39m
[31m[1m^[22m[39m[31m[1m^
[22m[39m
 [90m  8 |[39m 
[36mimport[39m { 
[33mUser[39m[33m,[39m [3
3mArrowRight[39m[33m,[39m 
[33mZap[39m[33m,[39m [33
mBarChart3[39m[33m,[39m [
33mShieldCheck[39m[33m,[39
m [33mAlertCircle[39m } 
[36mfrom[39m [32m"lucide-r
eact"[39m[33m;[39m
 [90m  9 |[39m
 [90m 10 |[39m 
[36mexport[39m 
[36mdefault[39m 
[36mfunction[39m 
[33mSetupPage[39m() {[0m

Import map: aliased to 
relative './src/lib/utils' 
inside of [project]/


Import traces:
  Client Component Browser:
    ./src/app/setup/page.tsx 
[Client Component Browser]
    ./src/app/setup/page.tsx 
[Server Component]

  Client Component SSR:
    ./src/app/setup/page.tsx 
[Client Component SSR]
    ./src/app/setup/page.tsx 
[Server Component]

https://nextjs.org/docs/messa
ges/module-not-found


    at <unknown> (./src/app/s
etup/page.tsx:7:1)
    at <unknown> (https://nex
tjs.org/docs/messages/module-
not-found)
