Initializing CareerService...
2026-02-10 14:07:34 | INFO     | app.services.career_service | Loaded career model: random_forest
python : INFO:app.ser
vices.career_service:
Loaded career model: 
random_forest
At line:1 char:1
+ python 
test_model_bias.py > 
test_output.txt 2>&1
+ ~~~~~~~~~~~~~~~~~~~
~~~~~~~~~~~~~~~~~~~~~
~~~~~~~~
    + CategoryInfo   
           : NotSpe  
  cified: (INFO:ap   
 p.servic...: ran    
dom_forest:Strin    
g) [], RemoteExc    
eption
    + FullyQualified 
   ErrorId : Native  
  CommandError
 
2026-02-10 14:07:34 | INFO     | app.services.career_service | Loaded career model: gradient_boosting
INFO:app.services.car
eer_service:Loaded 
career model: 
gradient_boosting
INFO:app.services.car
eer_service:Loaded 
career model: 
neural_network
2026-02-10 14:07:34 | INFO     | app.services.career_service | Loaded career model: neural_network
INFO:app.services.car
eer_service:Core 
preprocessing models 
loaded
2026-02-10 14:07:34 | INFO     | app.services.career_service | Core preprocessing models loaded
2026-02-10 14:07:34 | INFO     | app.services.career_service | CareerService initialized successfully
INFO:app.services.car
eer_service:CareerSer
vice initialized 
successfully

Test 1: Happy
2026-02-10 14:07:34 | INFO     | app.services.career_service | DEBUG: Emotion Features: {
  "angry": 0.0,
  "disgust": 0.0,
  "fear": 0.0,
  "happy": 1.0,
  "sad": 0.0,
  "surprise": 0.0,
  "neutral": 0.0,
  "dominant_emotion_idx": 3,
  "emotion_entropy": -1.000000082690371e-10,
  "emotion_variance": 0.12244897959183676,
  "neutral_ratio": 0.0,
  "positive_ratio": 1.0,
  "negative_ratio": 0.0
}
2026-02-10 14:07:34 | INFO     | app.services.career_service | DEBUG: Feature Vector (Raw): [0.0, 0.0, 0.0, 1.0, 0.0, 0.0, 0.0, 0.4817989439222808, 0.796369114789581, 0.5707962832005321, 0.6233564476741934, 0.20098085184801093, 3, -1.000000082690371e-10, 0.12244897959183676, 0.0, 1.0, 0.0]
INFO:app.services.car
eer_service:DEBUG: 
Emotion Features: {
  "angry": 0.0,
  "disgust": 0.0,
  "fear": 0.0,
  "happy": 1.0,
  "sad": 0.0,
  "surprise": 0.0,
  "neutral": 0.0,
  "dominant_emotion_i
dx": 3,
  "emotion_entropy": 
-1.000000082690371e-1
0,
  
"emotion_variance": 
0.12244897959183676,
  "neutral_ratio": 
0.0,
  "positive_ratio": 
1.0,
  "negative_ratio": 
0.0
}
INFO:app.services.car
eer_service:DEBUG: 
Feature Vector 
(Raw): [0.0, 0.0, 
0.0, 1.0, 0.0, 0.0, 
0.0, 
0.4817989439222808, 
0.796369114789581, 
0.5707962832005321, 
0.6233564476741934, 
0.20098085184801093, 
3, -1.000000082690371
e-10, 
0.12244897959183676, 
0.0, 1.0, 0.0]
2026-02-10 14:07:34 | INFO     | app.services.career_service | DEBUG: Probabilities (Max): 0.34997730490603834
INFO:app.services.car
eer_service:DEBUG: 
Probabilities (Max): 
0.34997730490603834
2026-02-10 14:07:34 | INFO     | app.services.career_service | DEBUG: Top 5 Classes: ['Network Engineer' 'IT Project Manager' 'DevOps Engineer'
 'Systems Analyst' 'Cloud Architect']
INFO:app.services.car
eer_service:DEBUG: 
Top 5 Classes: 
['Network Engineer' 
'IT Project Manager' 
'DevOps Engineer'
 'Systems Analyst' 
'Cloud Architect']
Prediction: Network Engineer
Top 3: ['Network Engineer', 'IT Project Manager', 'DevOps Engineer']

Test 2: Sad/Fear
2026-02-10 14:07:34 | INFO     | app.services.career_service | DEBUG: Emotion Features: {
  "angry": 0.0,
  "disgust": 0.0,
  "fear": 0.5,
  "happy": 0.0,
  "sad": 0.5,
  "surprise": 0.0,
  "neutral": 0.0,
  "dominant_emotion_idx": 2,
  "emotion_entropy": 0.6931471803599453,
  "emotion_variance": 0.051020408163265314,
  "neutral_ratio": 0.0,
  "positive_ratio": 0.0,
  "negative_ratio": 1.0
}
2026-02-10 14:07:34 | INFO     | app.services.career_service | DEBUG: Feature Vector (Raw): [0.0, 0.0, 0.5, 0.0, 0.5, 0.0, 0.0, 0.5298631140250937, 0.849897085382094, 0.361104991166001, 0.508489107834074, 0.40919123663804935, 2, 0.6931471803599453, 0.051020408163265314, 0.0, 0.0, 1.0]
INFO:app.services.car
eer_service:DEBUG: 
Emotion Features: {
  "angry": 0.0,
  "disgust": 0.0,
  "fear": 0.5,
  "happy": 0.0,
  "sad": 0.5,
  "surprise": 0.0,
  "neutral": 0.0,
  "dominant_emotion_i
dx": 2,
  "emotion_entropy": 
0.6931471803599453,
  
"emotion_variance": 
0.051020408163265314,
  "neutral_ratio": 
0.0,
  "positive_ratio": 
0.0,
  "negative_ratio": 
1.0
}
INFO:app.services.car
eer_service:DEBUG: 
Feature Vector 
(Raw): [0.0, 0.0, 
0.5, 0.0, 0.5, 0.0, 
0.0, 
0.5298631140250937, 
0.849897085382094, 
0.361104991166001, 
0.508489107834074, 
0.40919123663804935, 
2, 
0.6931471803599453, 0
.051020408163265314, 
0.0, 0.0, 1.0]
2026-02-10 14:07:34 | INFO     | app.services.career_service | DEBUG: Probabilities (Max): 0.3944892877736453
INFO:app.services.car
eer_service:DEBUG: 
Probabilities (Max): 
0.3944892877736453
2026-02-10 14:07:34 | INFO     | app.services.career_service | DEBUG: Top 5 Classes: ['Network Engineer' 'DevOps Engineer' 'Software Developer'
 'Full Stack Developer' 'Database Administrator']
Prediction: Network Engineer
Top 3: ['Network Engineer', 'DevOps Engineer', 'Software Developer']

Test 3: Neutral
2026-02-10 14:07:34 | INFO     | app.services.career_service | DEBUG: Emotion Features: {
  "angry": 0.0,
  "disgust": 0.0,
  "fear": 0.0,
  "happy": 0.0,
  "sad": 0.0,
  "surprise": 0.0,
  "neutral": 1.0,
  "dominant_emotion_idx": 6,
  "emotion_entropy": -1.000000082690371e-10,
  "emotion_variance": 0.12244897959183676,
  "neutral_ratio": 1.0,
  "positive_ratio": 0.0,
  "negative_ratio": 0.0
}
2026-02-10 14:07:34 | INFO     | app.services.career_service | DEBUG: Feature Vector (Raw): [0.0, 0.0, 0.0, 0.0, 0.0, 0.0, 1.0, 0.36431261952556027, 0.9428091288297333, 0.285851274053508, 0.386276739337303, 0.15993988717060956, 6, -1.000000082690371e-10, 0.12244897959183676, 1.0, 0.0, 0.0]
INFO:app.services.car
eer_service:DEBUG: 
Top 5 Classes: 
['Network Engineer' 
'DevOps Engineer' 
'Software Developer'
 'Full Stack 
Developer' 'Database 
Administrator']
INFO:app.services.car
eer_service:DEBUG: 
Emotion Features: {
  "angry": 0.0,
  "disgust": 0.0,
  "fear": 0.0,
  "happy": 0.0,
  "sad": 0.0,
  "surprise": 0.0,
  "neutral": 1.0,
  "dominant_emotion_i
dx": 6,
  "emotion_entropy": 
-1.000000082690371e-1
0,
  
"emotion_variance": 
0.12244897959183676,
  "neutral_ratio": 
1.0,
  "positive_ratio": 
0.0,
  "negative_ratio": 
0.0
}
INFO:app.services.car
eer_service:DEBUG: 
Feature Vector 
(Raw): [0.0, 0.0, 
0.0, 0.0, 0.0, 0.0, 
1.0, 
0.36431261952556027, 
0.9428091288297333, 
0.285851274053508, 
0.386276739337303, 
0.15993988717060956, 
6, -1.000000082690371
e-10, 
0.12244897959183676, 
1.0, 0.0, 0.0]
2026-02-10 14:07:34 | INFO     | app.services.career_service | DEBUG: Probabilities (Max): 0.395984244141469
INFO:app.services.car
eer_service:DEBUG: 
Probabilities (Max): 
0.395984244141469
INFO:app.services.car
eer_service:DEBUG: 
Top 5 Classes: 
['Cybersecurity 
Analyst' 'DevOps 
Engineer' 'Database 
Administrator'
2026-02-10 14:07:34 | INFO     | app.services.career_service | DEBUG: Top 5 Classes: ['Cybersecurity Analyst' 'DevOps Engineer' 'Database Administrator'
 'Network Engineer' 'Quality Assurance Engineer']
 'Network Engineer' 
'Quality Assurance 
Engineer']
Prediction: Cybersecurity Analyst
Top 3: ['Cybersecurity Analyst', 'DevOps Engineer', 'Database Administrator']
